// Jest Snapshot v1, https://goo.gl/fbAQLP

exports[`ActivityCard renders the component properly 1`] = `
<div class="container pa-0">
  <div class="v-card theme--light">
    <div class="v-responsive v-image" style="height: 200px;">
      <div class="v-responsive__content"></div>
    </div>
    <div class="v-card__title no-padding-bottom">
      <div class="text-truncate">
        <p class="title text-truncate">

        </p>
        <p class="body-2 grey--text text-truncate">

        </p>
      </div>
    </div>
    <div class="v-card__actions no-padding-top"><button type="button" class="v-btn v-btn--flat theme--light">
        <div class="v-btn__content">
          Saber mais
        </div>
      </button>
      <div class="spacer"></div> <button type="button" class="v-btn theme--light primary">
        <div class="v-btn__content">
          Feito
        </div>
      </button>
    </div>
  </div>
</div>
`;
