// Jest Snapshot v1, https://goo.gl/fbAQLP

exports[`Home renders the component properly 1`] = `
<div class="container fluid">
  <div class="v-card theme--light">
    <div class="v-responsive v-image" style="height: 200px;">
      <div class="v-image__image v-image__image--preload v-image__image--cover" style="background-position: center center;" name="fade-transition" mode="in-out"></div>
      <div class="v-responsive__content"></div>
    </div>
    <div class="v-card__title">
      <div><span class="title">Aqui vai o nome da atividade</span></div>
    </div>
    <div class="v-card__actions" style="padding-top: 0px;"><button type="button" class="v-btn v-btn--flat theme--light">
        <div class="v-btn__content">
          Saber mais
        </div>
      </button>
      <div class="spacer"></div> <button type="button" class="v-btn theme--light secondary">
        <div class="v-btn__content">
          Feito
        </div>
      </button>
    </div>
  </div>
  <div>
    <div class="container text-xs-center">
      <div class="layout">
        <div class="flex lg8"><img src="../images/logo.png" height="150px"></div>
      </div>
    </div>
    <div class="container">
      <div class="layout">
        <div class="flex xs12">
          <p class="headline">Trilha 1</p>
        </div>
      </div>
      <div class="layout">
        <div class="flex xs12">
          <p class="subheading grey--text">
            Esta é a primeira trilha de todas. Vamos lá?
          </p>
        </div>
      </div>
      <div class="layout">
        <div class="flex xs7 offset-xs7 offset-lg0"><button type="button" class="primary v-btn theme--light">
            <div class="v-btn__content">SABER MAIS</div>
          </button></div>
      </div>
    </div>
  </div>
</div>
`;
