// Jest Snapshot v1, https://goo.gl/fbAQLP

exports[`App.test.js renders correctly setting the props 1`] = `
<div>
  <v-container
    text-xs-center=""
  >
    <v-layout>
      <v-flex
        lg8=""
      >
        <img
          height="150px"
          src="../images/logo.png"
        />
      </v-flex>
    </v-layout>
  </v-container>
   
  <v-container>
    <v-layout>
      <v-flex
        xs12=""
      >
        <p
          class="headline"
        >
          Titulo da trilha
        </p>
      </v-flex>
    </v-layout>
     
    <v-layout>
      <v-flex
        xs12=""
      >
        <p
          class="subheading grey--text"
        >
          
          Resumo da trilha
        
        </p>
      </v-flex>
    </v-layout>
     
    <v-layout>
      <v-flex
        offset-lg0=""
        offset-xs7=""
        xs7=""
      >
        <v-btn
          class="primary"
        >
          SABER MAIS
        </v-btn>
      </v-flex>
    </v-layout>
  </v-container>
</div>
`;
